E:\Documents\GitHub\fastllm-windows\src\models\qwen3_moe.cpp(80,74): error C2039: "UpdateRotaryPosEmb": 不是 "fastllm::Qwen3MOEModel" 的成员 [E:\Documents\GitHub\fastllm-windows\build\fastllm.vcxproj]
E:\Documents\GitHub\fastllm-windows\src\models\qwen3_moe.cpp(80,66): error C2530: “pair”: 必须初始化引用 [E:\Documents\GitHub\fastllm-windows\build\fastllm.vcxproj]
E:\Documents\GitHub\fastllm-windows\src\models\qwen3_moe.cpp(121,70): error C2039: "UpdateRotaryPosEmb": 不是 "fastllm::Qwen3MOEModel" 的成员 [E:\Documents\GitHub\fastllm-windows\build\fastllm.vcxproj]
E:\Documents\GitHub\fastllm-windows\src\models\qwen3_moe.cpp(122,34): error C2065: “max_positions”: 未声明的标识符 [E:\Documents\GitHub\fastllm-windows\build\fastllm.vcxproj]
E:\Documents\GitHub\fastllm-windows\src\models\qwen3_moe.cpp(126,29): error C2065: “rotary_dim”: 未声明的标识符 [E:\Documents\GitHub\fastllm-windows\build\fastllm.vcxproj]
E:\Documents\GitHub\fastllm-windows\src\models\qwen3_moe.cpp(127,58): error C2065: “rotary_dim”: 未声明的标识符 [E:\Documents\GitHub\fastllm-windows\build\fastllm.vcxproj]
E:\Documents\GitHub\fastllm-windows\src\models\qwen3_moe.cpp(127,37): error C2661: “pow”: 没有重载函数接受 1 个参数 [E:\Documents\GitHub\fastllm-windows\build\fastllm.vcxproj]
E:\Documents\GitHub\fastllm-windows\src\models\qwen3_moe.cpp(129,23): error C2065: “rope_type”: 未声明的标识符 [E:\Documents\GitHub\fastllm-windows\build\fastllm.vcxproj]
E:\Documents\GitHub\fastllm-windows\src\models\qwen3_moe.cpp(131,13): error C2563: 在形参表中不匹配 [E:\Documents\GitHub\fastllm-windows\build\fastllm.vcxproj]
E:\Documents\GitHub\fastllm-windows\src\models\qwen3_moe.cpp(131,27): error C2065: “rotary_dim”: 未声明的标识符 [E:\Documents\GitHub\fastllm-windows\build\fastllm.vcxproj]
E:\Documents\GitHub\fastllm-windows\src\models\qwen3_moe.cpp(132,13): error C2563: 在形参表中不匹配 [E:\Documents\GitHub\fastllm-windows\build\fastllm.vcxproj]
E:\Documents\GitHub\fastllm-windows\src\models\qwen3_moe.cpp(132,27): error C2065: “rotary_dim”: 未声明的标识符 [E:\Documents\GitHub\fastllm-windows\build\fastllm.vcxproj]
E:\Documents\GitHub\fastllm-windows\src\models\qwen3_moe.cpp(134,17): error C2563: 在形参表中不匹配 [E:\Documents\GitHub\fastllm-windows\build\fastllm.vcxproj]
E:\Documents\GitHub\fastllm-windows\src\models\qwen3_moe.cpp(135,17): error C2563: 在形参表中不匹配 [E:\Documents\GitHub\fastllm-windows\build\fastllm.vcxproj]
E:\Documents\GitHub\fastllm-windows\src\models\qwen3_moe.cpp(140,37): error C2563: 在形参表中不匹配 [E:\Documents\GitHub\fastllm-windows\build\fastllm.vcxproj]
E:\Documents\GitHub\fastllm-windows\src\models\qwen3_moe.cpp(140,53): error C2563: 在形参表中不匹配 [E:\Documents\GitHub\fastllm-windows\build\fastllm.vcxproj]
E:\Documents\GitHub\fastllm-windows\src\models\qwen3_moe.cpp(140,18): error C2661: “std::vector<float,std::allocator<float>>::insert”: 没有重载函数接受 1 个参数 [E:\Documents\GitHub\fastllm-windows\build\fastllm.vcxproj]
E:\Documents\GitHub\fastllm-windows\src\models\qwen3_moe.cpp(141,37): error C2563: 在形参表中不匹配 [E:\Documents\GitHub\fastllm-windows\build\fastllm.vcxproj]
E:\Documents\GitHub\fastllm-windows\src\models\qwen3_moe.cpp(141,53): error C2563: 在形参表中不匹配 [E:\Documents\GitHub\fastllm-windows\build\fastllm.vcxproj]
E:\Documents\GitHub\fastllm-windows\src\models\qwen3_moe.cpp(141,18): error C2661: “std::vector<float,std::allocator<float>>::insert”: 没有重载函数接受 1 个参数 [E:\Documents\GitHub\fastllm-windows\build\fastllm.vcxproj]
E:\Documents\GitHub\fastllm-windows\src\models\qwen3_moe.cpp(155,38): error C2509: “ForwardBatch”: 成员函数没有在“fastllm::Qwen3MOEModel”中声明 [E:\Documents\GitHub\fastllm-windows\build\fastllm.vcxproj]
E:\Documents\GitHub\fastllm-windows\src\models\qwen3_moe.cpp(536,38): error C2509: “ForwardBatch”: 成员函数没有在“fastllm::Qwen3MOEModel”中声明 [E:\Documents\GitHub\fastllm-windows\build\fastllm.vcxproj]
E:\Documents\GitHub\fastllm-windows\src\models\qwen3_next.cpp(713,17): error C2660: “fastllm::MergeMOE”: 函数不接受 15 个参数 [E:\Documents\GitHub\fastllm-windows\build\fastllm.vcxproj]
E:\Documents\GitHub\fastllm-windows\src\models\qwen3_next.cpp(1117,21): error C2660: “fastllm::MergeMOE”: 函数不接受 15 个参数 [E:\Documents\GitHub\fastllm-windows\build\fastllm.vcxproj]
E:\Documents\GitHub\fastllm-windows\src\models\qwen3_moe.cpp(80,74): error C2039: "UpdateRotaryPosEmb": 不是 "fastllm::Qwen3MOEModel" 的成员 [E:\Documents\GitHub\fastllm-windows\build\pyfastllm.vcxproj]
E:\Documents\GitHub\fastllm-windows\src\models\qwen3_moe.cpp(80,66): error C2530: “pair”: 必须初始化引用 [E:\Documents\GitHub\fastllm-windows\build\pyfastllm.vcxproj]
E:\Documents\GitHub\fastllm-windows\src\models\qwen3_next.cpp(713,17): error C2660: “fastllm::MergeMOE”: 函数不接受 15 个参数 [E:\Documents\GitHub\fastllm-windows\build\pyfastllm.vcxproj]
E:\Documents\GitHub\fastllm-windows\src\models\qwen3_moe.cpp(121,70): error C2039: "UpdateRotaryPosEmb": 不是 "fastllm::Qwen3MOEModel" 的成员 [E:\Documents\GitHub\fastllm-windows\build\pyfastllm.vcxproj]
E:\Documents\GitHub\fastllm-windows\src\models\qwen3_moe.cpp(122,34): error C2065: “max_positions”: 未声明的标识符 [E:\Documents\GitHub\fastllm-windows\build\pyfastllm.vcxproj]
E:\Documents\GitHub\fastllm-windows\src\models\qwen3_moe.cpp(126,29): error C2065: “rotary_dim”: 未声明的标识符 [E:\Documents\GitHub\fastllm-windows\build\pyfastllm.vcxproj]
E:\Documents\GitHub\fastllm-windows\src\models\qwen3_moe.cpp(127,58): error C2065: “rotary_dim”: 未声明的标识符 [E:\Documents\GitHub\fastllm-windows\build\pyfastllm.vcxproj]
E:\Documents\GitHub\fastllm-windows\src\models\qwen3_moe.cpp(127,37): error C2661: “pow”: 没有重载函数接受 1 个参数 [E:\Documents\GitHub\fastllm-windows\build\pyfastllm.vcxproj]
E:\Documents\GitHub\fastllm-windows\src\models\qwen3_moe.cpp(129,23): error C2065: “rope_type”: 未声明的标识符 [E:\Documents\GitHub\fastllm-windows\build\pyfastllm.vcxproj]
E:\Documents\GitHub\fastllm-windows\src\models\qwen3_moe.cpp(131,13): error C2563: 在形参表中不匹配 [E:\Documents\GitHub\fastllm-windows\build\pyfastllm.vcxproj]
E:\Documents\GitHub\fastllm-windows\src\models\qwen3_moe.cpp(131,27): error C2065: “rotary_dim”: 未声明的标识符 [E:\Documents\GitHub\fastllm-windows\build\pyfastllm.vcxproj]
E:\Documents\GitHub\fastllm-windows\src\models\qwen3_moe.cpp(132,13): error C2563: 在形参表中不匹配 [E:\Documents\GitHub\fastllm-windows\build\pyfastllm.vcxproj]
E:\Documents\GitHub\fastllm-windows\src\models\qwen3_moe.cpp(132,27): error C2065: “rotary_dim”: 未声明的标识符 [E:\Documents\GitHub\fastllm-windows\build\pyfastllm.vcxproj]
E:\Documents\GitHub\fastllm-windows\src\models\qwen3_moe.cpp(134,17): error C2563: 在形参表中不匹配 [E:\Documents\GitHub\fastllm-windows\build\pyfastllm.vcxproj]
E:\Documents\GitHub\fastllm-windows\src\models\qwen3_moe.cpp(135,17): error C2563: 在形参表中不匹配 [E:\Documents\GitHub\fastllm-windows\build\pyfastllm.vcxproj]
E:\Documents\GitHub\fastllm-windows\src\models\qwen3_moe.cpp(140,37): error C2563: 在形参表中不匹配 [E:\Documents\GitHub\fastllm-windows\build\pyfastllm.vcxproj]
E:\Documents\GitHub\fastllm-windows\src\models\qwen3_moe.cpp(140,53): error C2563: 在形参表中不匹配 [E:\Documents\GitHub\fastllm-windows\build\pyfastllm.vcxproj]
E:\Documents\GitHub\fastllm-windows\src\models\qwen3_moe.cpp(140,18): error C2661: “std::vector<float,std::allocator<float>>::insert”: 没有重载函数接受 1 个参数 [E:\Documents\GitHub\fastllm-windows\build\pyfastllm.vcxproj]
E:\Documents\GitHub\fastllm-windows\src\models\qwen3_moe.cpp(141,37): error C2563: 在形参表中不匹配 [E:\Documents\GitHub\fastllm-windows\build\pyfastllm.vcxproj]
E:\Documents\GitHub\fastllm-windows\src\models\qwen3_moe.cpp(141,53): error C2563: 在形参表中不匹配 [E:\Documents\GitHub\fastllm-windows\build\pyfastllm.vcxproj]
E:\Documents\GitHub\fastllm-windows\src\models\qwen3_moe.cpp(141,18): error C2661: “std::vector<float,std::allocator<float>>::insert”: 没有重载函数接受 1 个参数 [E:\Documents\GitHub\fastllm-windows\build\pyfastllm.vcxproj]
E:\Documents\GitHub\fastllm-windows\src\models\qwen3_moe.cpp(155,38): error C2509: “ForwardBatch”: 成员函数没有在“fastllm::Qwen3MOEModel”中声明 [E:\Documents\GitHub\fastllm-windows\build\pyfastllm.vcxproj]
E:\Documents\GitHub\fastllm-windows\src\models\qwen3_moe.cpp(536,38): error C2509: “ForwardBatch”: 成员函数没有在“fastllm::Qwen3MOEModel”中声明 [E:\Documents\GitHub\fastllm-windows\build\pyfastllm.vcxproj]
E:\Documents\GitHub\fastllm-windows\src\models\qwen3_next.cpp(1117,21): error C2660: “fastllm::MergeMOE”: 函数不接受 15 个参数 [E:\Documents\GitHub\fastllm-windows\build\pyfastllm.vcxproj]
E:\Documents\GitHub\fastllm-windows\src\models\minimax.cpp(435,17): error C2660: “fastllm::MergeAttention”: 函数不接受 23 个参数 [E:\Documents\GitHub\fastllm-windows\build\fastllm.vcxproj]
E:\Documents\GitHub\fastllm-windows\src\models\minimax.cpp(569,21): error C2660: “fastllm::MergeMOE”: 函数不接受 15 个参数 [E:\Documents\GitHub\fastllm-windows\build\fastllm.vcxproj]
E:\Documents\GitHub\fastllm-windows\src\models\minimax.cpp(1016,21): error C2660: “fastllm::MergeMOE”: 函数不接受 15 个参数 [E:\Documents\GitHub\fastllm-windows\build\fastllm.vcxproj]
E:\Documents\GitHub\fastllm-windows\src\models\hunyuan.cpp(232,17): error C2660: “fastllm::MergeAttention”: 函数不接受 23 个参数 [E:\Documents\GitHub\fastllm-windows\build\fastllm.vcxproj]
E:\Documents\GitHub\fastllm-windows\src\models\hunyuan.cpp(357,21): error C2660: “fastllm::MergeMOE”: 函数不接受 15 个参数 [E:\Documents\GitHub\fastllm-windows\build\fastllm.vcxproj]
E:\Documents\GitHub\fastllm-windows\src\models\hunyuan.cpp(744,21): error C2660: “fastllm::MergeMOE”: 函数不接受 15 个参数 [E:\Documents\GitHub\fastllm-windows\build\fastllm.vcxproj]
E:\Documents\GitHub\fastllm-windows\src\models\minimax.cpp(435,17): error C2660: “fastllm::MergeAttention”: 函数不接受 23 个参数 [E:\Documents\GitHub\fastllm-windows\build\pyfastllm.vcxproj]
E:\Documents\GitHub\fastllm-windows\src\models\minimax.cpp(569,21): error C2660: “fastllm::MergeMOE”: 函数不接受 15 个参数 [E:\Documents\GitHub\fastllm-windows\build\pyfastllm.vcxproj]
E:\Documents\GitHub\fastllm-windows\src\models\hunyuan.cpp(232,17): error C2660: “fastllm::MergeAttention”: 函数不接受 23 个参数 [E:\Documents\GitHub\fastllm-windows\build\pyfastllm.vcxproj]
E:\Documents\GitHub\fastllm-windows\src\models\hunyuan.cpp(357,21): error C2660: “fastllm::MergeMOE”: 函数不接受 15 个参数 [E:\Documents\GitHub\fastllm-windows\build\pyfastllm.vcxproj]
E:\Documents\GitHub\fastllm-windows\src\models\minimax.cpp(1016,21): error C2660: “fastllm::MergeMOE”: 函数不接受 15 个参数 [E:\Documents\GitHub\fastllm-windows\build\pyfastllm.vcxproj]
E:\Documents\GitHub\fastllm-windows\src\models\hunyuan.cpp(744,21): error C2660: “fastllm::MergeMOE”: 函数不接受 15 个参数 [E:\Documents\GitHub\fastllm-windows\build\pyfastllm.vcxproj]
E:\Documents\GitHub\fastllm-windows\src\models\pangu_moe.cpp(232,17): error C2660: “fastllm::MergeAttention”: 函数不接受 23 个参数 [E:\Documents\GitHub\fastllm-windows\build\fastllm.vcxproj]
E:\Documents\GitHub\fastllm-windows\src\models\pangu_moe.cpp(365,21): error C2660: “fastllm::MergeMOE”: 函数不接受 15 个参数 [E:\Documents\GitHub\fastllm-windows\build\fastllm.vcxproj]
E:\Documents\GitHub\fastllm-windows\src\models\ernie4_5.cpp(235,17): error C2660: “fastllm::MergeAttention”: 函数不接受 23 个参数 [E:\Documents\GitHub\fastllm-windows\build\fastllm.vcxproj]
E:\Documents\GitHub\fastllm-windows\src\models\ernie4_5.cpp(359,21): error C2660: “fastllm::MergeMOE”: 函数不接受 15 个参数 [E:\Documents\GitHub\fastllm-windows\build\fastllm.vcxproj]
E:\Documents\GitHub\fastllm-windows\src\models\pangu_moe.cpp(852,21): error C2660: “fastllm::MergeMOE”: 函数不接受 15 个参数 [E:\Documents\GitHub\fastllm-windows\build\fastllm.vcxproj]
E:\Documents\GitHub\fastllm-windows\src\models\ernie4_5.cpp(747,21): error C2660: “fastllm::MergeMOE”: 函数不接受 15 个参数 [E:\Documents\GitHub\fastllm-windows\build\fastllm.vcxproj]
E:\Documents\GitHub\fastllm-windows\src\models\pangu_moe.cpp(232,17): error C2660: “fastllm::MergeAttention”: 函数不接受 23 个参数 [E:\Documents\GitHub\fastllm-windows\build\pyfastllm.vcxproj]
E:\Documents\GitHub\fastllm-windows\src\models\pangu_moe.cpp(365,21): error C2660: “fastllm::MergeMOE”: 函数不接受 15 个参数 [E:\Documents\GitHub\fastllm-windows\build\pyfastllm.vcxproj]
E:\Documents\GitHub\fastllm-windows\src\models\ernie4_5.cpp(235,17): error C2660: “fastllm::MergeAttention”: 函数不接受 23 个参数 [E:\Documents\GitHub\fastllm-windows\build\pyfastllm.vcxproj]
E:\Documents\GitHub\fastllm-windows\src\models\ernie4_5.cpp(359,21): error C2660: “fastllm::MergeMOE”: 函数不接受 15 个参数 [E:\Documents\GitHub\fastllm-windows\build\pyfastllm.vcxproj]
E:\Documents\GitHub\fastllm-windows\src\models\ernie4_5.cpp(747,21): error C2660: “fastllm::MergeMOE”: 函数不接受 15 个参数 [E:\Documents\GitHub\fastllm-windows\build\pyfastllm.vcxproj]
E:\Documents\GitHub\fastllm-windows\src\models\pangu_moe.cpp(852,21): error C2660: “fastllm::MergeMOE”: 函数不接受 15 个参数 [E:\Documents\GitHub\fastllm-windows\build\pyfastllm.vcxproj]
E:\Documents\GitHub\fastllm-windows\src\models\glm4_moe.cpp(242,17): error C2660: “fastllm::MergeAttention”: 函数不接受 23 个参数 [E:\Documents\GitHub\fastllm-windows\build\fastllm.vcxproj]
E:\Documents\GitHub\fastllm-windows\src\models\glm4_moe.cpp(405,21): error C2660: “fastllm::MergeMOE”: 函数不接受 15 个参数 [E:\Documents\GitHub\fastllm-windows\build\fastllm.vcxproj]
E:\Documents\GitHub\fastllm-windows\src\models\glm4_moe.cpp(929,21): error C2660: “fastllm::MergeMOE”: 函数不接受 15 个参数 [E:\Documents\GitHub\fastllm-windows\build\fastllm.vcxproj]
E:\Documents\GitHub\fastllm-windows\src\models\gpt_oss.cpp(305,17): error C2660: “fastllm::MergeAttention”: 函数不接受 23 个参数 [E:\Documents\GitHub\fastllm-windows\build\fastllm.vcxproj]
E:\Documents\GitHub\fastllm-windows\src\models\gpt_oss.cpp(933,21): error C2660: “fastllm::MergeMOE”: 函数不接受 15 个参数 [E:\Documents\GitHub\fastllm-windows\build\fastllm.vcxproj]
E:\Documents\GitHub\fastllm-windows\src\models\gpt_oss.cpp(305,17): error C2660: “fastllm::MergeAttention”: 函数不接受 23 个参数 [E:\Documents\GitHub\fastllm-windows\build\pyfastllm.vcxproj]
E:\Documents\GitHub\fastllm-windows\src\models\gpt_oss.cpp(933,21): error C2660: “fastllm::MergeMOE”: 函数不接受 15 个参数 [E:\Documents\GitHub\fastllm-windows\build\pyfastllm.vcxproj]
E:\Documents\GitHub\fastllm-windows\src\models\glm4_moe.cpp(242,17): error C2660: “fastllm::MergeAttention”: 函数不接受 23 个参数 [E:\Documents\GitHub\fastllm-windows\build\pyfastllm.vcxproj]
E:\Documents\GitHub\fastllm-windows\src\models\glm4_moe.cpp(405,21): error C2660: “fastllm::MergeMOE”: 函数不接受 15 个参数 [E:\Documents\GitHub\fastllm-windows\build\pyfastllm.vcxproj]
E:\Documents\GitHub\fastllm-windows\src\models\glm4_moe.cpp(929,21): error C2660: “fastllm::MergeMOE”: 函数不接受 15 个参数 [E:\Documents\GitHub\fastllm-windows\build\pyfastllm.vcxproj]
E:\Documents\GitHub\fastllm-windows\src\devices\cpu\cpudevice.cpp(2119,65): error C2956: 常用解除分配函数“void operator delete(void *,std::align_val_t) noexcept”会被选为位置解除分配函数。 [E:\Documents\GitHub\fastllm-windows\build\fastllm.vcxproj]
E:\Documents\GitHub\fastllm-windows\src\devices\cpu\cpudevice.cpp(2119,65): error C2956: 常用解除分配函数“void operator delete(void *,std::align_val_t) noexcept”会被选为位置解除分配函数。 [E:\Documents\GitHub\fastllm-windows\build\pyfastllm.vcxproj]
